[backblue.gif]
[fade.gif]
[index.html]
[www.sunnyshutter.ca/scripts/jquery9c64.js]
[www.sunnyshutter.ca/scripts/1850.js]
[www.sunnyshutter.ca/xml/wlwmanifest.xml]
[www.sunnyshutter.ca/images/quote_bg.jpg]
[static.addtoany.com/menu/page.js]
[www.sunnyshutter.ca/images/shapes1.jpg]
[www.sunnyshutter.ca/images/sunnyshutter-favicon.png]
[www.sunnyshutter.ca/images/WeChat-Image_20180510094230.png]
[www.sunnyshutter.ca/images/IMG_4020.jpg]
[www.sunnyshutter.ca/images/IMG_3896.jpg]
[www.sunnyshutter.ca/images/blank.gif]
[www.sunnyshutter.ca/images/IMG_3821.jpg]
[www.sunnyshutter.ca/images/IMG_1821.jpg]
[www.sunnyshutter.ca/images/Custom_wood_vinyl_shutter_1.jpg]
[www.sunnyshutter.ca/images/Professional_installation_1.jpg]
[www.sunnyshutter.ca/images/project_bg.jpg]
[www.sunnyshutter.ca/images/IMG_1500_2.jpg]
[www.sunnyshutter.ca/images/IMG_2459.jpg]
[www.sunnyshutter.ca/images/IMG_0631.jpg]
[www.sunnyshutter.ca/images/IMG_0781_1.jpg]
[www.sunnyshutter.ca/images/IMG_0006.jpg]
[www.sunnyshutter.ca/images/IMG_3167.jpg]
[www.sunnyshutter.ca/images/form.jpg]
[www.sunnyshutter.ca/images/testimonial_bg_optimized.jpg]
[www.sunnyshutter.ca/images/avatar_5.jpg]
[www.sunnyshutter.ca/images/avatar_4.jpg]
[www.sunnyshutter.ca/images/avatar_2.jpg]
[www.sunnyshutter.ca/images/avatar_3.png]
[www.sunnyshutter.ca/images/cover_9.jpg]
[www.sunnyshutter.ca/images/cover_8.jpg]
[www.sunnyshutter.ca/images/cover_7.jpg]
[www.sunnyshutter.ca/images/widget_light_300_150.png]
[www.sunnyshutter.ca/scripts/1850_7xwcw3xu.js]
[www.sunnyshutter.ca/index.html]
[www.sunnyshutter.ca/css/1850_klmn8039.css]
[www.sunnyshutter.ca/css/fonts/fontawesome-webfont3e6e.eot]
[www.sunnyshutter.ca/css/fonts/fontawesome-webfontd41d.eot]
[www.sunnyshutter.ca/css/fonts/fontawesome-webfont3e6e.woff2]
[www.sunnyshutter.ca/css/fonts/fontawesome-webfont3e6e.woff]
[www.sunnyshutter.ca/css/fonts/fontawesome-webfont3e6e.ttf]
[www.sunnyshutter.ca/css/font-awesome.css]
[www.sunnyshutter.ca/css/1850_6mauzxom.css]
[www.sunnyshutter.ca/web_contents/admin/index.html]
[www.sunnyshutter.ca/scripts/jqueryb8ff.js]
[www.sunnyshutter.ca/scripts/jquery-migrate.min330a.js]
[www.sunnyshutter.ca/scripts/addtoany.min4963.js]
[www.sunnyshutter.ca/scripts/admin.ajaxWatcher.1551370846e374.js]
[www.sunnyshutter.ca/scripts/custom3c21.js]
[www.sunnyshutter.ca/scripts/jquery.quovolver.min3c21.js]
[www.sunnyshutter.ca/scripts/bootstrap3c21.js]
[www.sunnyshutter.ca/scripts/owl.carousel3c21.js]
[www.sunnyshutter.ca/scripts/jquery.mixitup.min3c21.js]
[www.sunnyshutter.ca/scripts/jquery.prettyPhoto51523c21.js]
[www.sunnyshutter.ca/scripts/jquery.flexisel3c21.js]
[www.sunnyshutter.ca/images/IMG_1804.jpg]
[www.sunnyshutter.ca/images/Custom-wood-vinyl-shutter-1.jpg]
[www.sunnyshutter.ca/images/Professional-installation-1.jpg]
[www.sunnyshutter.ca/images/widget-light-300-150.png]
[www.sunnyshutter.ca/web_contents/measurement/index.html]
[cdn.jsdelivr.net/npm/font-awesome@4.7.0/css/font-awesome.min.css]
[cdn.jsdelivr.net/gh/fancyapps/fancybox@3.5.6/dist/jquery.fancybox.min.css]
[www.sunnyshutter.ca/images/WeChat-Image_201805100942305562.png]
[www.sunnyshutter.ca/web_contents/collections/img/Living-Room-.jpg]
[cdn.jsdelivr.net/npm/jquery@3.3.1/dist/jquery.min.js]
[www.sunnyshutter.ca/web_contents/collections/img/Dining-Room.jpg]
[www.sunnyshutter.ca/web_contents/collections/img/Kitchen.jpg]
[www.sunnyshutter.ca/web_contents/collections/img/Bedroom.jpg]
[www.sunnyshutter.ca/web_contents/collections/img/Bathroom.jpg]
[www.sunnyshutter.ca/web_contents/collections/img/Bay-Window.jpg]
[www.sunnyshutter.ca/web_contents/collections/img/Arch-shutter.jpg]
[www.sunnyshutter.ca/web_contents/collections/custom/addon.js]
[www.sunnyshutter.ca/web_contents/collections/index.html]
[www.sunnyshutter.ca/images/cover_6.jpg]
[www.sunnyshutter.ca/images/cover_5.jpg]
[www.sunnyshutter.ca/images/cover_4.jpg]
[cdn.jsdelivr.net/gh/fancyapps/fancybox@3.5.6/dist/jquery.fancybox.min.js]
[www.sunnyshutter.ca/images/cover_3.jpg]
[www.sunnyshutter.ca/images/cover_2.jpg]
[www.sunnyshutter.ca/images/cover_1.jpg]
[www.sunnyshutter.ca/images/cover_0.jpg]
[www.sunnyshutter.ca/web_contents/portfolio/index.html]
[www.sunnyshutter.ca/web_contents/testimonial/index.html]
[www.sunnyshutter.ca/web_contents/brochure/Sunny-Shutter-Album.pdf]
[www.sunnyshutter.ca/web_contents/brochure/index.html]
[www.sunnyshutter.ca/scripts/1853.js]
[cdnjs.cloudflare.com/ajax/libs/font-awesome/4.7.0/css/font-awesome.min.css]
[www.sunnyshutter.ca/images/IMG_1_1024_683.png]
[www.sunnyshutter.ca/images/IMG_2_1024_683.png]
[www.sunnyshutter.ca/images/IMG_3.png]
[www.sunnyshutter.ca/web_contents/about/index.html]
[www.sunnyshutter.ca/scripts/baselib9c64.js]
[www.sunnyshutter.ca/scripts/gravityforms9c64.js]
[code.jquery.com/ui/1.12.1/themes/base/jquery-ui.css]
[code.jquery.com/jquery-1.12.4.js]
[www.sunnyshutter.ca/scripts/jquery.json.min2f91.js]
[www.sunnyshutter.ca/images/prod_opt1.jpg]
[code.jquery.com/ui/1.12.1/jquery-ui.js]
[www.sunnyshutter.ca/images/prod_opt2.jpg]
[www.sunnyshutter.ca/images/prod_opt3.jpg]
[www.sunnyshutter.ca/images/prod_opt4.jpg]
[www.sunnyshutter.ca/images/prod_opt5.jpg]
[www.sunnyshutter.ca/images/prod_opt6.jpg]
[www.sunnyshutter.ca/scripts/admin-bar.min3c21.js]
[www.sunnyshutter.ca/scripts/toolbar3bed.js]
[www.sunnyshutter.ca/scripts/wp-embed.min3c21.js]
[www.sunnyshutter.ca/web_contents/estimate/index.html]
[www.sunnyshutter.ca/web_contents/service_estimate.html]
[www.sunnyshutter.ca/web_contents/service/index.html]
[www.sunnyshutter.ca/images/form.jpg]
[www.sunnyshutter.ca/web_contents/testimonials/tracy/index.html]
[www.sunnyshutter.ca/web_contents/testimonials/maxwell/index.html]
[www.sunnyshutter.ca/web_contents/testimonials/malk/index.html]
[www.sunnyshutter.ca/web_contents/testimonials/jhone-haword/index.html]
[www.sunnyshutter.ca/web_contents/testimonials/alex/index.html]
[www.sunnyshutter.ca/css/fonts/fontawesome-webfont3e6e.svg]
[www.sunnyshutter.ca/images/avatar_3.png]
[sunnyshutter.ca/wp-content/themes/carpenter-pro/images/icon_quote.html]
[sunnyshutter.ca/wp-content/themes/carpenter-pro/images/mobile_nav_right.html]
[sunnyshutter.ca/wp-content/themes/carpenter-pro/images/search-icon.html]
[sunnyshutter.ca/wp-content/themes/carpenter-pro/images/footerbg.html]
[sunnyshutter.ca/wp-content/themes/carpenter-pro/images/up-arrow.html]
[sunnyshutter.ca/wp-content/themes/carpenter-pro/images/loading.html]
[sunnyshutter.ca/wp-content/themes/carpenter-pro/images/slide-nav.html]
[sunnyshutter.ca/wp-content/themes/carpenter-pro/testimonialsrotator/images/quote.html]
[sunnyshutter.ca/wp-content/themes/carpenter-pro/images/arrow_prev.html]
[sunnyshutter.ca/wp-content/themes/carpenter-pro/images/arrow_next.html]
[sunnyshutter.ca/wp-content/themes/carpenter-pro/testimonialsrotator/js/owl.video.play.html]
[sunnyshutter.ca/wp-content/themes/carpenter-pro/images/client-arrow-prev.html]
[sunnyshutter.ca/wp-content/themes/carpenter-pro/images/client-arrow-next.html]
[sunnyshutter.ca/wp-content/themes/carpenter-pro/mixitup/prettyPhoto/default/sprite.html]
[sunnyshutter.ca/wp-content/themes/carpenter-pro/mixitup/prettyPhoto/default/sprite_x.html]
[sunnyshutter.ca/wp-content/themes/carpenter-pro/mixitup/prettyPhoto/default/sprite_y.html]
[sunnyshutter.ca/wp-content/themes/carpenter-pro/mixitup/prettyPhoto/default/sprite_next.html]
[sunnyshutter.ca/wp-content/themes/carpenter-pro/mixitup/prettyPhoto/default/sprite_prev.html]
[sunnyshutter.ca/wp-content/themes/carpenter-pro/mixitup/prettyPhoto/default/default_thumb.html]
[sunnyshutter.ca/wp-content/themes/carpenter-pro/mixitup/prettyPhoto/default/loader.html]
[sunnyshutter.ca/wp-content/themes/carpenter-pro/mixitup/prettyPhoto/light_rounded/sprite.html]
[sunnyshutter.ca/wp-content/themes/carpenter-pro/mixitup/prettyPhoto/light_rounded/btnNext.html]
[sunnyshutter.ca/wp-content/themes/carpenter-pro/mixitup/prettyPhoto/light_rounded/btnPrevious.html]
[sunnyshutter.ca/wp-content/themes/carpenter-pro/mixitup/prettyPhoto/dark_rounded/sprite.html]
[sunnyshutter.ca/wp-content/themes/carpenter-pro/mixitup/prettyPhoto/dark_rounded/contentPattern.html]
[sunnyshutter.ca/wp-content/themes/carpenter-pro/mixitup/prettyPhoto/dark_rounded/btnNext.html]
[sunnyshutter.ca/wp-content/themes/carpenter-pro/mixitup/prettyPhoto/dark_rounded/btnPrevious.html]
[sunnyshutter.ca/wp-content/themes/carpenter-pro/mixitup/prettyPhoto/dark_rounded/loader.html]
[sunnyshutter.ca/wp-content/themes/carpenter-pro/mixitup/prettyPhoto/dark_square/loader.html]
[sunnyshutter.ca/wp-content/themes/carpenter-pro/mixitup/prettyPhoto/dark_square/sprite.html]
[sunnyshutter.ca/wp-content/themes/carpenter-pro/mixitup/prettyPhoto/dark_square/btnNext.html]
[sunnyshutter.ca/wp-content/themes/carpenter-pro/mixitup/prettyPhoto/dark_square/btnPrevious.html]
[sunnyshutter.ca/wp-content/themes/carpenter-pro/mixitup/prettyPhoto/light_square/sprite.html]
[sunnyshutter.ca/wp-content/themes/carpenter-pro/mixitup/prettyPhoto/light_square/btnNext.html]
[sunnyshutter.ca/wp-content/themes/carpenter-pro/mixitup/prettyPhoto/light_square/btnPrevious.html]
[sunnyshutter.ca/wp-content/themes/carpenter-pro/mixitup/prettyPhoto/facebook/sprite.html]
[sunnyshutter.ca/wp-content/themes/carpenter-pro/mixitup/prettyPhoto/facebook/contentPatternTop.html]
[sunnyshutter.ca/wp-content/themes/carpenter-pro/mixitup/prettyPhoto/facebook/contentPatternLeft.html]
[sunnyshutter.ca/wp-content/themes/carpenter-pro/mixitup/prettyPhoto/facebook/contentPatternRight.html]
[sunnyshutter.ca/wp-content/themes/carpenter-pro/mixitup/prettyPhoto/facebook/loader.html]
[sunnyshutter.ca/wp-content/themes/carpenter-pro/mixitup/prettyPhoto/facebook/btnNext.html]
[sunnyshutter.ca/wp-content/themes/carpenter-pro/mixitup/prettyPhoto/facebook/btnPrevious.html]
[sunnyshutter.ca/wp-content/themes/carpenter-pro/mixitup/prettyPhoto/facebook/contentPatternBottom.html]
[sunnyshutter.ca/wp-content/themes/carpenter-pro/mixitup/prettyPhoto/facebook/default_thumbnail.html]
[sunnyshutter.ca/wp-content/themes/carpenter-pro/mixitup/prettyPhoto/light_rounded/loader.html]
[sunnyshutter.ca/wp-content/themes/carpenter-pro/images/button-previous.html]
[sunnyshutter.ca/wp-content/themes/carpenter-pro/images/button-next.html]
[www.sunnyshutter.ca/css/dashicons.min3c21.css]
[www.sunnyshutter.ca/css/admin-bar.min3c21.css]
[www.sunnyshutter.ca/css/style.min3c21.css]
[www.sunnyshutter.ca/css/wordfenceBox.1551370846e374.css]
[www.sunnyshutter.ca/css/style3c21.css]
[www.sunnyshutter.ca/css/editor-style3c21.css]
[www.sunnyshutter.ca/css/default3c21.css]
[www.sunnyshutter.ca/css/font-awesome3c21.css]
[www.sunnyshutter.ca/css/font-awesome.min.html]
[www.sunnyshutter.ca/css/tm-rotator3c21.css]
[www.sunnyshutter.ca/css/responsive3c21.css]
[www.sunnyshutter.ca/owl.carousel3c21.html]
[www.sunnyshutter.ca/css/style-mixitup3c21.css]
[www.sunnyshutter.ca/css/prettyPhotoe7353c21.css]
[www.sunnyshutter.ca/css/flexiselcss3c21.css]
[www.sunnyshutter.ca/css/toolbarebe9.css]
[www.sunnyshutter.ca/css/addtoany.min9be6.css]
[www.sunnyshutter.ca/web_contents/collections/custom/theme.css]
[www.sunnyshutter.ca/web_contents/collections/custom/footer.jpg]
[www.sunnyshutter.ca/web_contents/collections/custom/style.css]
[www.sunnyshutter.ca/web_contents/collections/custom/responsive.css]
[cdn.jsdelivr.net/npm/font-awesome@4.7.0/css/font-awesome.min.css]
[cdn.jsdelivr.net/gh/fancyapps/fancybox@3.5.6/dist/jquery.fancybox.min.css]
[www.sunnyshutter.ca/web_contents/portfolio/feed/index.html]
[www.sunnyshutter.ca/css/owl.carousel3c21.css]
[www.sunnyshutter.ca/css/toolbarc014.css]
[www.sunnyshutter.ca/web_centents/portfolio/index.html]
[www.sunnyshutter.ca/css/toolbar4e76.css]
[www.sunnyshutter.ca/css/toolbarac88.css]
[www.sunnyshutter.ca/css/1850.css]
[cdnjs.cloudflare.com/ajax/libs/font-awesome/4.7.0/css/font-awesome.min.css]
[www.sunnyshutter.ca/css/1852.css]
[sunnyshutter.ca/wp-content/themes/carpenter-pro/images/quote_bg.html]
[sunnyshutter.ca/wp-content/uploads/2018/12/sunnyshutter-favicon.html]
[www.sunnyshutter.ca/css/style.css]
[www.sunnyshutter.ca/css/editor-style.css]
[www.sunnyshutter.ca/css/default.css]
[www.sunnyshutter.ca/css/flexiselcss.css]
[www.sunnyshutter.ca/css/responsive.css]
[www.sunnyshutter.ca/css/button-style.css]
[www.sunnyshutter.ca/css/diagbox.css]
[www.sunnyshutter.ca/css/toolbar3bed.css]
[www.sunnyshutter.ca/css/formreset.min2f91.css]
[www.sunnyshutter.ca/images/IMG_3.png]
[www.sunnyshutter.ca/images/IMG_2_1024_683.png]
[www.sunnyshutter.ca/css/formsmain.min2f91.css]
[www.sunnyshutter.ca/css/readyclass.min2f91.css]
[www.sunnyshutter.ca/css/browsers.min2f91.css]
[code.jquery.com/ui/1.12.1/themes/base/images/ui-icons_444444_256x240.png]
[code.jquery.com/ui/1.12.1/themes/base/images/ui-icons_555555_256x240.png]
[code.jquery.com/ui/1.12.1/themes/base/images/ui-icons_ffffff_256x240.png]
[code.jquery.com/ui/1.12.1/themes/base/images/ui-icons_777620_256x240.png]
[code.jquery.com/ui/1.12.1/themes/base/images/ui-icons_cc0000_256x240.png]
[code.jquery.com/ui/1.12.1/themes/base/images/ui-icons_777777_256x240.png]
[code.jquery.com/ui/1.12.1/themes/base/jquery-ui.css]
[www.sunnyshutter.ca/resources/demos/style.html]
[www.sunnyshutter.ca/scripts/jquery/jqueryb8ff.html]
[www.sunnyshutter.ca/scripts/add-to-any/addtoany.min4963.html]
[sunnyshutter.ca/wp-content/cache/wpfc-minified/dgs3cx8e/3mn0.html]
[www.sunnyshutter.ca/images/images/quote_bg.html]
[www.sunnyshutter.ca/images/list_add.svg]
[www.sunnyshutter.ca/images/list_remove.svg]
[www.sunnyshutter.ca/scripts/xmlrpc.html]
[www.sunnyshutter.ca/scripts/xmlrpc0db0.html]
[www.sunnyshutter.ca/fonts/dashicons.html]
[www.sunnyshutter.ca/images/lightbox-controls.html]
[www.sunnyshutter.ca/images/loading_background.html]
[www.sunnyshutter.ca/images/loading.html]
[www.sunnyshutter.ca/images/help.html]
[www.sunnyshutter.ca/css/images/icon_quote.html]
[www.sunnyshutter.ca/css/images/mobile_nav_right.html]
[www.sunnyshutter.ca/css/images/search-icon.html]
[www.sunnyshutter.ca/css/images/footerbg.html]
[www.sunnyshutter.ca/css/images/up-arrow.html]
[www.sunnyshutter.ca/css/images/loading.html]
[www.sunnyshutter.ca/images/quote.html]
[www.sunnyshutter.ca/images/arrow_prev.html]
[www.sunnyshutter.ca/images/arrow_next.html]
[www.sunnyshutter.ca/css/prettyPhoto/default/sprite.html]
[www.sunnyshutter.ca/css/prettyPhoto/default/sprite_x.html]
[www.sunnyshutter.ca/css/prettyPhoto/default/sprite_y.html]
[www.sunnyshutter.ca/css/prettyPhoto/default/sprite_next.html]
[www.sunnyshutter.ca/css/prettyPhoto/default/sprite_prev.html]
[www.sunnyshutter.ca/css/prettyPhoto/default/default_thumb.html]
[www.sunnyshutter.ca/css/prettyPhoto/default/loader.html]
[www.sunnyshutter.ca/css/prettyPhoto/light_rounded/sprite.html]
[www.sunnyshutter.ca/css/prettyPhoto/light_rounded/btnNext.html]
[www.sunnyshutter.ca/css/prettyPhoto/light_rounded/btnPrevious.html]
[www.sunnyshutter.ca/css/prettyPhoto/dark_rounded/sprite.html]
[www.sunnyshutter.ca/css/prettyPhoto/dark_rounded/contentPattern.html]
[www.sunnyshutter.ca/css/prettyPhoto/dark_rounded/btnNext.html]
[www.sunnyshutter.ca/css/prettyPhoto/dark_rounded/btnPrevious.html]
[www.sunnyshutter.ca/css/prettyPhoto/dark_rounded/loader.html]
[www.sunnyshutter.ca/css/prettyPhoto/dark_square/loader.html]
[www.sunnyshutter.ca/css/prettyPhoto/dark_square/sprite.html]
[www.sunnyshutter.ca/css/prettyPhoto/dark_square/btnNext.html]
[www.sunnyshutter.ca/css/prettyPhoto/dark_square/btnPrevious.html]
[www.sunnyshutter.ca/css/prettyPhoto/light_square/sprite.html]
[www.sunnyshutter.ca/css/prettyPhoto/light_square/btnNext.html]
[www.sunnyshutter.ca/css/prettyPhoto/light_square/btnPrevious.html]
[www.sunnyshutter.ca/css/prettyPhoto/facebook/sprite.html]
[www.sunnyshutter.ca/css/prettyPhoto/facebook/contentPatternTop.html]
[www.sunnyshutter.ca/css/prettyPhoto/facebook/contentPatternLeft.html]
[www.sunnyshutter.ca/css/prettyPhoto/facebook/contentPatternRight.html]
[www.sunnyshutter.ca/css/prettyPhoto/facebook/loader.html]
[www.sunnyshutter.ca/css/prettyPhoto/facebook/btnNext.html]
[www.sunnyshutter.ca/css/prettyPhoto/facebook/btnPrevious.html]
[www.sunnyshutter.ca/css/prettyPhoto/facebook/contentPatternBottom.html]
[www.sunnyshutter.ca/css/prettyPhoto/facebook/default_thumbnail.html]
[www.sunnyshutter.ca/css/prettyPhoto/light_rounded/loader.html]
[www.sunnyshutter.ca/images/button-previous.html]
[www.sunnyshutter.ca/images/button-next.html]
[www.sunnyshutter.ca/images/icon-24x24.html]
[www.sunnyshutter.ca/css/owl.video.play.html]
[www.sunnyshutter.ca/images/client-arrow-prev.html]
[www.sunnyshutter.ca/images/client-arrow-next.html]
[www.sunnyshutter.ca/images/gf-creditcard-icons.html]
[www.sunnyshutter.ca/css/chosen-sprite.html]
[www.sunnyshutter.ca/css/chosen-sprite@2x.html]
[www.sunnyshutter.ca/scripts/admin-ajax.html]
